// Jest Snapshot v1, https://goo.gl/fbAQLP

exports[`<Signup /> renders without crashing 1`] = `ShallowWrapper {}`;
