// Jest Snapshot v1, https://goo.gl/fbAQLP

exports[`<Club /> renders without crashing 1`] = `ShallowWrapper {}`;
